# serializer version: 1
# name: test_all_entities
  list([
    EntityRegistryEntrySnapshot({
      'aliases': list([
        None,
      ]),
      'area_id': None,
      'capabilities': None,
      'config_entry_id': <ANY>,
      'config_subentry_id': <ANY>,
      'device_class': None,
      'device_id': <ANY>,
      'disabled_by': None,
      'domain': 'time',
      'entity_category': <EntityCategory.CONFIG: 'config'>,
      'entity_id': 'time.pool_light_timer_start',
      'has_entity_name': True,
      'hidden_by': None,
      'icon': None,
      'id': <ANY>,
      'labels': set({
      }),
      'name': None,
      'object_id_base': 'Light Timer - Start',
      'options': dict({
      }),
      'original_device_class': None,
      'original_icon': None,
      'original_name': 'Light Timer - Start',
      'platform': 'neopool',
      'previous_unique_id': None,
      'suggested_object_id': None,
      'supported_features': 0,
      'translation_key': 'relay_light_start',
      'unique_id': '1234567890_relay_light_start',
      'unit_of_measurement': None,
    }),
    EntityRegistryEntrySnapshot({
      'aliases': list([
        None,
      ]),
      'area_id': None,
      'capabilities': None,
      'config_entry_id': <ANY>,
      'config_subentry_id': <ANY>,
      'device_class': None,
      'device_id': <ANY>,
      'disabled_by': None,
      'domain': 'time',
      'entity_category': <EntityCategory.CONFIG: 'config'>,
      'entity_id': 'time.pool_light_timer_stop',
      'has_entity_name': True,
      'hidden_by': None,
      'icon': None,
      'id': <ANY>,
      'labels': set({
      }),
      'name': None,
      'object_id_base': 'Light Timer - Stop',
      'options': dict({
      }),
      'original_device_class': None,
      'original_icon': None,
      'original_name': 'Light Timer - Stop',
      'platform': 'neopool',
      'previous_unique_id': None,
      'suggested_object_id': None,
      'supported_features': 0,
      'translation_key': 'relay_light_stop',
      'unique_id': '1234567890_relay_light_stop',
      'unit_of_measurement': None,
    }),
    EntityRegistryEntrySnapshot({
      'aliases': list([
        None,
      ]),
      'area_id': None,
      'capabilities': None,
      'config_entry_id': <ANY>,
      'config_subentry_id': <ANY>,
      'device_class': None,
      'device_id': <ANY>,
      'disabled_by': None,
      'domain': 'time',
      'entity_category': <EntityCategory.CONFIG: 'config'>,
      'entity_id': 'time.pool_timer_1_filtration_start',
      'has_entity_name': True,
      'hidden_by': None,
      'icon': None,
      'id': <ANY>,
      'labels': set({
      }),
      'name': None,
      'object_id_base': 'Timer 1 - Filtration Start',
      'options': dict({
      }),
      'original_device_class': None,
      'original_icon': None,
      'original_name': 'Timer 1 - Filtration Start',
      'platform': 'neopool',
      'previous_unique_id': None,
      'suggested_object_id': None,
      'supported_features': 0,
      'translation_key': 'filtration1_start',
      'unique_id': '1234567890_filtration1_start',
      'unit_of_measurement': None,
    }),
    EntityRegistryEntrySnapshot({
      'aliases': list([
        None,
      ]),
      'area_id': None,
      'capabilities': None,
      'config_entry_id': <ANY>,
      'config_subentry_id': <ANY>,
      'device_class': None,
      'device_id': <ANY>,
      'disabled_by': None,
      'domain': 'time',
      'entity_category': <EntityCategory.CONFIG: 'config'>,
      'entity_id': 'time.pool_timer_1_filtration_stop',
      'has_entity_name': True,
      'hidden_by': None,
      'icon': None,
      'id': <ANY>,
      'labels': set({
      }),
      'name': None,
      'object_id_base': 'Timer 1 - Filtration Stop',
      'options': dict({
      }),
      'original_device_class': None,
      'original_icon': None,
      'original_name': 'Timer 1 - Filtration Stop',
      'platform': 'neopool',
      'previous_unique_id': None,
      'suggested_object_id': None,
      'supported_features': 0,
      'translation_key': 'filtration1_stop',
      'unique_id': '1234567890_filtration1_stop',
      'unit_of_measurement': None,
    }),
    EntityRegistryEntrySnapshot({
      'aliases': list([
        None,
      ]),
      'area_id': None,
      'capabilities': None,
      'config_entry_id': <ANY>,
      'config_subentry_id': <ANY>,
      'device_class': None,
      'device_id': <ANY>,
      'disabled_by': None,
      'domain': 'time',
      'entity_category': <EntityCategory.CONFIG: 'config'>,
      'entity_id': 'time.pool_timer_2_filtration_start',
      'has_entity_name': True,
      'hidden_by': None,
      'icon': None,
      'id': <ANY>,
      'labels': set({
      }),
      'name': None,
      'object_id_base': 'Timer 2 - Filtration Start',
      'options': dict({
      }),
      'original_device_class': None,
      'original_icon': None,
      'original_name': 'Timer 2 - Filtration Start',
      'platform': 'neopool',
      'previous_unique_id': None,
      'suggested_object_id': None,
      'supported_features': 0,
      'translation_key': 'filtration2_start',
      'unique_id': '1234567890_filtration2_start',
      'unit_of_measurement': None,
    }),
    EntityRegistryEntrySnapshot({
      'aliases': list([
        None,
      ]),
      'area_id': None,
      'capabilities': None,
      'config_entry_id': <ANY>,
      'config_subentry_id': <ANY>,
      'device_class': None,
      'device_id': <ANY>,
      'disabled_by': None,
      'domain': 'time',
      'entity_category': <EntityCategory.CONFIG: 'config'>,
      'entity_id': 'time.pool_timer_2_filtration_stop',
      'has_entity_name': True,
      'hidden_by': None,
      'icon': None,
      'id': <ANY>,
      'labels': set({
      }),
      'name': None,
      'object_id_base': 'Timer 2 - Filtration Stop',
      'options': dict({
      }),
      'original_device_class': None,
      'original_icon': None,
      'original_name': 'Timer 2 - Filtration Stop',
      'platform': 'neopool',
      'previous_unique_id': None,
      'suggested_object_id': None,
      'supported_features': 0,
      'translation_key': 'filtration2_stop',
      'unique_id': '1234567890_filtration2_stop',
      'unit_of_measurement': None,
    }),
    EntityRegistryEntrySnapshot({
      'aliases': list([
        None,
      ]),
      'area_id': None,
      'capabilities': None,
      'config_entry_id': <ANY>,
      'config_subentry_id': <ANY>,
      'device_class': None,
      'device_id': <ANY>,
      'disabled_by': None,
      'domain': 'time',
      'entity_category': <EntityCategory.CONFIG: 'config'>,
      'entity_id': 'time.pool_timer_3_filtration_start',
      'has_entity_name': True,
      'hidden_by': None,
      'icon': None,
      'id': <ANY>,
      'labels': set({
      }),
      'name': None,
      'object_id_base': 'Timer 3 - Filtration Start',
      'options': dict({
      }),
      'original_device_class': None,
      'original_icon': None,
      'original_name': 'Timer 3 - Filtration Start',
      'platform': 'neopool',
      'previous_unique_id': None,
      'suggested_object_id': None,
      'supported_features': 0,
      'translation_key': 'filtration3_start',
      'unique_id': '1234567890_filtration3_start',
      'unit_of_measurement': None,
    }),
    EntityRegistryEntrySnapshot({
      'aliases': list([
        None,
      ]),
      'area_id': None,
      'capabilities': None,
      'config_entry_id': <ANY>,
      'config_subentry_id': <ANY>,
      'device_class': None,
      'device_id': <ANY>,
      'disabled_by': None,
      'domain': 'time',
      'entity_category': <EntityCategory.CONFIG: 'config'>,
      'entity_id': 'time.pool_timer_3_filtration_stop',
      'has_entity_name': True,
      'hidden_by': None,
      'icon': None,
      'id': <ANY>,
      'labels': set({
      }),
      'name': None,
      'object_id_base': 'Timer 3 - Filtration Stop',
      'options': dict({
      }),
      'original_device_class': None,
      'original_icon': None,
      'original_name': 'Timer 3 - Filtration Stop',
      'platform': 'neopool',
      'previous_unique_id': None,
      'suggested_object_id': None,
      'supported_features': 0,
      'translation_key': 'filtration3_stop',
      'unique_id': '1234567890_filtration3_stop',
      'unit_of_measurement': None,
    }),
    EntityRegistryEntrySnapshot({
      'aliases': list([
        None,
      ]),
      'area_id': None,
      'capabilities': None,
      'config_entry_id': <ANY>,
      'config_subentry_id': <ANY>,
      'device_class': None,
      'device_id': <ANY>,
      'disabled_by': None,
      'domain': 'time',
      'entity_category': <EntityCategory.CONFIG: 'config'>,
      'entity_id': 'time.pool_timer_aux1_1_start',
      'has_entity_name': True,
      'hidden_by': None,
      'icon': None,
      'id': <ANY>,
      'labels': set({
      }),
      'name': None,
      'object_id_base': 'Timer Aux1 (1) - Start',
      'options': dict({
      }),
      'original_device_class': None,
      'original_icon': None,
      'original_name': 'Timer Aux1 (1) - Start',
      'platform': 'neopool',
      'previous_unique_id': None,
      'suggested_object_id': None,
      'supported_features': 0,
      'translation_key': 'relay_aux1_start',
      'unique_id': '1234567890_relay_aux1_start',
      'unit_of_measurement': None,
    }),
    EntityRegistryEntrySnapshot({
      'aliases': list([
        None,
      ]),
      'area_id': None,
      'capabilities': None,
      'config_entry_id': <ANY>,
      'config_subentry_id': <ANY>,
      'device_class': None,
      'device_id': <ANY>,
      'disabled_by': None,
      'domain': 'time',
      'entity_category': <EntityCategory.CONFIG: 'config'>,
      'entity_id': 'time.pool_timer_aux1_1_stop',
      'has_entity_name': True,
      'hidden_by': None,
      'icon': None,
      'id': <ANY>,
      'labels': set({
      }),
      'name': None,
      'object_id_base': 'Timer Aux1 (1) - Stop',
      'options': dict({
      }),
      'original_device_class': None,
      'original_icon': None,
      'original_name': 'Timer Aux1 (1) - Stop',
      'platform': 'neopool',
      'previous_unique_id': None,
      'suggested_object_id': None,
      'supported_features': 0,
      'translation_key': 'relay_aux1_stop',
      'unique_id': '1234567890_relay_aux1_stop',
      'unit_of_measurement': None,
    }),
    EntityRegistryEntrySnapshot({
      'aliases': list([
        None,
      ]),
      'area_id': None,
      'capabilities': None,
      'config_entry_id': <ANY>,
      'config_subentry_id': <ANY>,
      'device_class': None,
      'device_id': <ANY>,
      'disabled_by': <RegistryEntryDisabler.INTEGRATION: 'integration'>,
      'domain': 'time',
      'entity_category': <EntityCategory.CONFIG: 'config'>,
      'entity_id': 'time.pool_timer_aux1_2_start',
      'has_entity_name': True,
      'hidden_by': None,
      'icon': None,
      'id': <ANY>,
      'labels': set({
      }),
      'name': None,
      'object_id_base': 'Timer Aux1 (2) - Start',
      'options': dict({
      }),
      'original_device_class': None,
      'original_icon': None,
      'original_name': 'Timer Aux1 (2) - Start',
      'platform': 'neopool',
      'previous_unique_id': None,
      'suggested_object_id': None,
      'supported_features': 0,
      'translation_key': 'relay_aux1b_start',
      'unique_id': '1234567890_relay_aux1b_start',
      'unit_of_measurement': None,
    }),
    EntityRegistryEntrySnapshot({
      'aliases': list([
        None,
      ]),
      'area_id': None,
      'capabilities': None,
      'config_entry_id': <ANY>,
      'config_subentry_id': <ANY>,
      'device_class': None,
      'device_id': <ANY>,
      'disabled_by': <RegistryEntryDisabler.INTEGRATION: 'integration'>,
      'domain': 'time',
      'entity_category': <EntityCategory.CONFIG: 'config'>,
      'entity_id': 'time.pool_timer_aux1_2_stop',
      'has_entity_name': True,
      'hidden_by': None,
      'icon': None,
      'id': <ANY>,
      'labels': set({
      }),
      'name': None,
      'object_id_base': 'Timer Aux1 (2) - Stop',
      'options': dict({
      }),
      'original_device_class': None,
      'original_icon': None,
      'original_name': 'Timer Aux1 (2) - Stop',
      'platform': 'neopool',
      'previous_unique_id': None,
      'suggested_object_id': None,
      'supported_features': 0,
      'translation_key': 'relay_aux1b_stop',
      'unique_id': '1234567890_relay_aux1b_stop',
      'unit_of_measurement': None,
    }),
    EntityRegistryEntrySnapshot({
      'aliases': list([
        None,
      ]),
      'area_id': None,
      'capabilities': None,
      'config_entry_id': <ANY>,
      'config_subentry_id': <ANY>,
      'device_class': None,
      'device_id': <ANY>,
      'disabled_by': None,
      'domain': 'time',
      'entity_category': <EntityCategory.CONFIG: 'config'>,
      'entity_id': 'time.pool_timer_aux2_1_start',
      'has_entity_name': True,
      'hidden_by': None,
      'icon': None,
      'id': <ANY>,
      'labels': set({
      }),
      'name': None,
      'object_id_base': 'Timer Aux2 (1) - Start',
      'options': dict({
      }),
      'original_device_class': None,
      'original_icon': None,
      'original_name': 'Timer Aux2 (1) - Start',
      'platform': 'neopool',
      'previous_unique_id': None,
      'suggested_object_id': None,
      'supported_features': 0,
      'translation_key': 'relay_aux2_start',
      'unique_id': '1234567890_relay_aux2_start',
      'unit_of_measurement': None,
    }),
    EntityRegistryEntrySnapshot({
      'aliases': list([
        None,
      ]),
      'area_id': None,
      'capabilities': None,
      'config_entry_id': <ANY>,
      'config_subentry_id': <ANY>,
      'device_class': None,
      'device_id': <ANY>,
      'disabled_by': None,
      'domain': 'time',
      'entity_category': <EntityCategory.CONFIG: 'config'>,
      'entity_id': 'time.pool_timer_aux2_1_stop',
      'has_entity_name': True,
      'hidden_by': None,
      'icon': None,
      'id': <ANY>,
      'labels': set({
      }),
      'name': None,
      'object_id_base': 'Timer Aux2 (1) - Stop',
      'options': dict({
      }),
      'original_device_class': None,
      'original_icon': None,
      'original_name': 'Timer Aux2 (1) - Stop',
      'platform': 'neopool',
      'previous_unique_id': None,
      'suggested_object_id': None,
      'supported_features': 0,
      'translation_key': 'relay_aux2_stop',
      'unique_id': '1234567890_relay_aux2_stop',
      'unit_of_measurement': None,
    }),
    EntityRegistryEntrySnapshot({
      'aliases': list([
        None,
      ]),
      'area_id': None,
      'capabilities': None,
      'config_entry_id': <ANY>,
      'config_subentry_id': <ANY>,
      'device_class': None,
      'device_id': <ANY>,
      'disabled_by': <RegistryEntryDisabler.INTEGRATION: 'integration'>,
      'domain': 'time',
      'entity_category': <EntityCategory.CONFIG: 'config'>,
      'entity_id': 'time.pool_timer_aux2_2_start',
      'has_entity_name': True,
      'hidden_by': None,
      'icon': None,
      'id': <ANY>,
      'labels': set({
      }),
      'name': None,
      'object_id_base': 'Timer Aux2 (2) - Start',
      'options': dict({
      }),
      'original_device_class': None,
      'original_icon': None,
      'original_name': 'Timer Aux2 (2) - Start',
      'platform': 'neopool',
      'previous_unique_id': None,
      'suggested_object_id': None,
      'supported_features': 0,
      'translation_key': 'relay_aux2b_start',
      'unique_id': '1234567890_relay_aux2b_start',
      'unit_of_measurement': None,
    }),
    EntityRegistryEntrySnapshot({
      'aliases': list([
        None,
      ]),
      'area_id': None,
      'capabilities': None,
      'config_entry_id': <ANY>,
      'config_subentry_id': <ANY>,
      'device_class': None,
      'device_id': <ANY>,
      'disabled_by': <RegistryEntryDisabler.INTEGRATION: 'integration'>,
      'domain': 'time',
      'entity_category': <EntityCategory.CONFIG: 'config'>,
      'entity_id': 'time.pool_timer_aux2_2_stop',
      'has_entity_name': True,
      'hidden_by': None,
      'icon': None,
      'id': <ANY>,
      'labels': set({
      }),
      'name': None,
      'object_id_base': 'Timer Aux2 (2) - Stop',
      'options': dict({
      }),
      'original_device_class': None,
      'original_icon': None,
      'original_name': 'Timer Aux2 (2) - Stop',
      'platform': 'neopool',
      'previous_unique_id': None,
      'suggested_object_id': None,
      'supported_features': 0,
      'translation_key': 'relay_aux2b_stop',
      'unique_id': '1234567890_relay_aux2b_stop',
      'unit_of_measurement': None,
    }),
    EntityRegistryEntrySnapshot({
      'aliases': list([
        None,
      ]),
      'area_id': None,
      'capabilities': None,
      'config_entry_id': <ANY>,
      'config_subentry_id': <ANY>,
      'device_class': None,
      'device_id': <ANY>,
      'disabled_by': None,
      'domain': 'time',
      'entity_category': <EntityCategory.CONFIG: 'config'>,
      'entity_id': 'time.pool_timer_aux3_1_start',
      'has_entity_name': True,
      'hidden_by': None,
      'icon': None,
      'id': <ANY>,
      'labels': set({
      }),
      'name': None,
      'object_id_base': 'Timer Aux3 (1) - Start',
      'options': dict({
      }),
      'original_device_class': None,
      'original_icon': None,
      'original_name': 'Timer Aux3 (1) - Start',
      'platform': 'neopool',
      'previous_unique_id': None,
      'suggested_object_id': None,
      'supported_features': 0,
      'translation_key': 'relay_aux3_start',
      'unique_id': '1234567890_relay_aux3_start',
      'unit_of_measurement': None,
    }),
    EntityRegistryEntrySnapshot({
      'aliases': list([
        None,
      ]),
      'area_id': None,
      'capabilities': None,
      'config_entry_id': <ANY>,
      'config_subentry_id': <ANY>,
      'device_class': None,
      'device_id': <ANY>,
      'disabled_by': None,
      'domain': 'time',
      'entity_category': <EntityCategory.CONFIG: 'config'>,
      'entity_id': 'time.pool_timer_aux3_1_stop',
      'has_entity_name': True,
      'hidden_by': None,
      'icon': None,
      'id': <ANY>,
      'labels': set({
      }),
      'name': None,
      'object_id_base': 'Timer Aux3 (1) - Stop',
      'options': dict({
      }),
      'original_device_class': None,
      'original_icon': None,
      'original_name': 'Timer Aux3 (1) - Stop',
      'platform': 'neopool',
      'previous_unique_id': None,
      'suggested_object_id': None,
      'supported_features': 0,
      'translation_key': 'relay_aux3_stop',
      'unique_id': '1234567890_relay_aux3_stop',
      'unit_of_measurement': None,
    }),
    EntityRegistryEntrySnapshot({
      'aliases': list([
        None,
      ]),
      'area_id': None,
      'capabilities': None,
      'config_entry_id': <ANY>,
      'config_subentry_id': <ANY>,
      'device_class': None,
      'device_id': <ANY>,
      'disabled_by': <RegistryEntryDisabler.INTEGRATION: 'integration'>,
      'domain': 'time',
      'entity_category': <EntityCategory.CONFIG: 'config'>,
      'entity_id': 'time.pool_timer_aux3_2_start',
      'has_entity_name': True,
      'hidden_by': None,
      'icon': None,
      'id': <ANY>,
      'labels': set({
      }),
      'name': None,
      'object_id_base': 'Timer Aux3 (2) - Start',
      'options': dict({
      }),
      'original_device_class': None,
      'original_icon': None,
      'original_name': 'Timer Aux3 (2) - Start',
      'platform': 'neopool',
      'previous_unique_id': None,
      'suggested_object_id': None,
      'supported_features': 0,
      'translation_key': 'relay_aux3b_start',
      'unique_id': '1234567890_relay_aux3b_start',
      'unit_of_measurement': None,
    }),
    EntityRegistryEntrySnapshot({
      'aliases': list([
        None,
      ]),
      'area_id': None,
      'capabilities': None,
      'config_entry_id': <ANY>,
      'config_subentry_id': <ANY>,
      'device_class': None,
      'device_id': <ANY>,
      'disabled_by': <RegistryEntryDisabler.INTEGRATION: 'integration'>,
      'domain': 'time',
      'entity_category': <EntityCategory.CONFIG: 'config'>,
      'entity_id': 'time.pool_timer_aux3_2_stop',
      'has_entity_name': True,
      'hidden_by': None,
      'icon': None,
      'id': <ANY>,
      'labels': set({
      }),
      'name': None,
      'object_id_base': 'Timer Aux3 (2) - Stop',
      'options': dict({
      }),
      'original_device_class': None,
      'original_icon': None,
      'original_name': 'Timer Aux3 (2) - Stop',
      'platform': 'neopool',
      'previous_unique_id': None,
      'suggested_object_id': None,
      'supported_features': 0,
      'translation_key': 'relay_aux3b_stop',
      'unique_id': '1234567890_relay_aux3b_stop',
      'unit_of_measurement': None,
    }),
    EntityRegistryEntrySnapshot({
      'aliases': list([
        None,
      ]),
      'area_id': None,
      'capabilities': None,
      'config_entry_id': <ANY>,
      'config_subentry_id': <ANY>,
      'device_class': None,
      'device_id': <ANY>,
      'disabled_by': None,
      'domain': 'time',
      'entity_category': <EntityCategory.CONFIG: 'config'>,
      'entity_id': 'time.pool_timer_aux4_1_start',
      'has_entity_name': True,
      'hidden_by': None,
      'icon': None,
      'id': <ANY>,
      'labels': set({
      }),
      'name': None,
      'object_id_base': 'Timer Aux4 (1) - Start',
      'options': dict({
      }),
      'original_device_class': None,
      'original_icon': None,
      'original_name': 'Timer Aux4 (1) - Start',
      'platform': 'neopool',
      'previous_unique_id': None,
      'suggested_object_id': None,
      'supported_features': 0,
      'translation_key': 'relay_aux4_start',
      'unique_id': '1234567890_relay_aux4_start',
      'unit_of_measurement': None,
    }),
    EntityRegistryEntrySnapshot({
      'aliases': list([
        None,
      ]),
      'area_id': None,
      'capabilities': None,
      'config_entry_id': <ANY>,
      'config_subentry_id': <ANY>,
      'device_class': None,
      'device_id': <ANY>,
      'disabled_by': None,
      'domain': 'time',
      'entity_category': <EntityCategory.CONFIG: 'config'>,
      'entity_id': 'time.pool_timer_aux4_1_stop',
      'has_entity_name': True,
      'hidden_by': None,
      'icon': None,
      'id': <ANY>,
      'labels': set({
      }),
      'name': None,
      'object_id_base': 'Timer Aux4 (1) - Stop',
      'options': dict({
      }),
      'original_device_class': None,
      'original_icon': None,
      'original_name': 'Timer Aux4 (1) - Stop',
      'platform': 'neopool',
      'previous_unique_id': None,
      'suggested_object_id': None,
      'supported_features': 0,
      'translation_key': 'relay_aux4_stop',
      'unique_id': '1234567890_relay_aux4_stop',
      'unit_of_measurement': None,
    }),
    EntityRegistryEntrySnapshot({
      'aliases': list([
        None,
      ]),
      'area_id': None,
      'capabilities': None,
      'config_entry_id': <ANY>,
      'config_subentry_id': <ANY>,
      'device_class': None,
      'device_id': <ANY>,
      'disabled_by': <RegistryEntryDisabler.INTEGRATION: 'integration'>,
      'domain': 'time',
      'entity_category': <EntityCategory.CONFIG: 'config'>,
      'entity_id': 'time.pool_timer_aux4_2_start',
      'has_entity_name': True,
      'hidden_by': None,
      'icon': None,
      'id': <ANY>,
      'labels': set({
      }),
      'name': None,
      'object_id_base': 'Timer Aux4 (2) - Start',
      'options': dict({
      }),
      'original_device_class': None,
      'original_icon': None,
      'original_name': 'Timer Aux4 (2) - Start',
      'platform': 'neopool',
      'previous_unique_id': None,
      'suggested_object_id': None,
      'supported_features': 0,
      'translation_key': 'relay_aux4b_start',
      'unique_id': '1234567890_relay_aux4b_start',
      'unit_of_measurement': None,
    }),
    EntityRegistryEntrySnapshot({
      'aliases': list([
        None,
      ]),
      'area_id': None,
      'capabilities': None,
      'config_entry_id': <ANY>,
      'config_subentry_id': <ANY>,
      'device_class': None,
      'device_id': <ANY>,
      'disabled_by': <RegistryEntryDisabler.INTEGRATION: 'integration'>,
      'domain': 'time',
      'entity_category': <EntityCategory.CONFIG: 'config'>,
      'entity_id': 'time.pool_timer_aux4_2_stop',
      'has_entity_name': True,
      'hidden_by': None,
      'icon': None,
      'id': <ANY>,
      'labels': set({
      }),
      'name': None,
      'object_id_base': 'Timer Aux4 (2) - Stop',
      'options': dict({
      }),
      'original_device_class': None,
      'original_icon': None,
      'original_name': 'Timer Aux4 (2) - Stop',
      'platform': 'neopool',
      'previous_unique_id': None,
      'suggested_object_id': None,
      'supported_features': 0,
      'translation_key': 'relay_aux4b_stop',
      'unique_id': '1234567890_relay_aux4b_stop',
      'unit_of_measurement': None,
    }),
  ])
# ---
# name: test_setup_when_modules_absent
  list([
    EntityRegistryEntrySnapshot({
      'aliases': list([
        None,
      ]),
      'area_id': None,
      'capabilities': None,
      'config_entry_id': <ANY>,
      'config_subentry_id': <ANY>,
      'device_class': None,
      'device_id': <ANY>,
      'disabled_by': None,
      'domain': 'time',
      'entity_category': <EntityCategory.CONFIG: 'config'>,
      'entity_id': 'time.pool_light_timer_start',
      'has_entity_name': True,
      'hidden_by': None,
      'icon': None,
      'id': <ANY>,
      'labels': set({
      }),
      'name': None,
      'object_id_base': 'Light Timer - Start',
      'options': dict({
      }),
      'original_device_class': None,
      'original_icon': None,
      'original_name': 'Light Timer - Start',
      'platform': 'neopool',
      'previous_unique_id': None,
      'suggested_object_id': None,
      'supported_features': 0,
      'translation_key': 'relay_light_start',
      'unique_id': '1234567890_relay_light_start',
      'unit_of_measurement': None,
    }),
    EntityRegistryEntrySnapshot({
      'aliases': list([
        None,
      ]),
      'area_id': None,
      'capabilities': None,
      'config_entry_id': <ANY>,
      'config_subentry_id': <ANY>,
      'device_class': None,
      'device_id': <ANY>,
      'disabled_by': None,
      'domain': 'time',
      'entity_category': <EntityCategory.CONFIG: 'config'>,
      'entity_id': 'time.pool_light_timer_stop',
      'has_entity_name': True,
      'hidden_by': None,
      'icon': None,
      'id': <ANY>,
      'labels': set({
      }),
      'name': None,
      'object_id_base': 'Light Timer - Stop',
      'options': dict({
      }),
      'original_device_class': None,
      'original_icon': None,
      'original_name': 'Light Timer - Stop',
      'platform': 'neopool',
      'previous_unique_id': None,
      'suggested_object_id': None,
      'supported_features': 0,
      'translation_key': 'relay_light_stop',
      'unique_id': '1234567890_relay_light_stop',
      'unit_of_measurement': None,
    }),
    EntityRegistryEntrySnapshot({
      'aliases': list([
        None,
      ]),
      'area_id': None,
      'capabilities': None,
      'config_entry_id': <ANY>,
      'config_subentry_id': <ANY>,
      'device_class': None,
      'device_id': <ANY>,
      'disabled_by': None,
      'domain': 'time',
      'entity_category': <EntityCategory.CONFIG: 'config'>,
      'entity_id': 'time.pool_timer_1_filtration_start',
      'has_entity_name': True,
      'hidden_by': None,
      'icon': None,
      'id': <ANY>,
      'labels': set({
      }),
      'name': None,
      'object_id_base': 'Timer 1 - Filtration Start',
      'options': dict({
      }),
      'original_device_class': None,
      'original_icon': None,
      'original_name': 'Timer 1 - Filtration Start',
      'platform': 'neopool',
      'previous_unique_id': None,
      'suggested_object_id': None,
      'supported_features': 0,
      'translation_key': 'filtration1_start',
      'unique_id': '1234567890_filtration1_start',
      'unit_of_measurement': None,
    }),
    EntityRegistryEntrySnapshot({
      'aliases': list([
        None,
      ]),
      'area_id': None,
      'capabilities': None,
      'config_entry_id': <ANY>,
      'config_subentry_id': <ANY>,
      'device_class': None,
      'device_id': <ANY>,
      'disabled_by': None,
      'domain': 'time',
      'entity_category': <EntityCategory.CONFIG: 'config'>,
      'entity_id': 'time.pool_timer_1_filtration_stop',
      'has_entity_name': True,
      'hidden_by': None,
      'icon': None,
      'id': <ANY>,
      'labels': set({
      }),
      'name': None,
      'object_id_base': 'Timer 1 - Filtration Stop',
      'options': dict({
      }),
      'original_device_class': None,
      'original_icon': None,
      'original_name': 'Timer 1 - Filtration Stop',
      'platform': 'neopool',
      'previous_unique_id': None,
      'suggested_object_id': None,
      'supported_features': 0,
      'translation_key': 'filtration1_stop',
      'unique_id': '1234567890_filtration1_stop',
      'unit_of_measurement': None,
    }),
    EntityRegistryEntrySnapshot({
      'aliases': list([
        None,
      ]),
      'area_id': None,
      'capabilities': None,
      'config_entry_id': <ANY>,
      'config_subentry_id': <ANY>,
      'device_class': None,
      'device_id': <ANY>,
      'disabled_by': None,
      'domain': 'time',
      'entity_category': <EntityCategory.CONFIG: 'config'>,
      'entity_id': 'time.pool_timer_2_filtration_start',
      'has_entity_name': True,
      'hidden_by': None,
      'icon': None,
      'id': <ANY>,
      'labels': set({
      }),
      'name': None,
      'object_id_base': 'Timer 2 - Filtration Start',
      'options': dict({
      }),
      'original_device_class': None,
      'original_icon': None,
      'original_name': 'Timer 2 - Filtration Start',
      'platform': 'neopool',
      'previous_unique_id': None,
      'suggested_object_id': None,
      'supported_features': 0,
      'translation_key': 'filtration2_start',
      'unique_id': '1234567890_filtration2_start',
      'unit_of_measurement': None,
    }),
    EntityRegistryEntrySnapshot({
      'aliases': list([
        None,
      ]),
      'area_id': None,
      'capabilities': None,
      'config_entry_id': <ANY>,
      'config_subentry_id': <ANY>,
      'device_class': None,
      'device_id': <ANY>,
      'disabled_by': None,
      'domain': 'time',
      'entity_category': <EntityCategory.CONFIG: 'config'>,
      'entity_id': 'time.pool_timer_2_filtration_stop',
      'has_entity_name': True,
      'hidden_by': None,
      'icon': None,
      'id': <ANY>,
      'labels': set({
      }),
      'name': None,
      'object_id_base': 'Timer 2 - Filtration Stop',
      'options': dict({
      }),
      'original_device_class': None,
      'original_icon': None,
      'original_name': 'Timer 2 - Filtration Stop',
      'platform': 'neopool',
      'previous_unique_id': None,
      'suggested_object_id': None,
      'supported_features': 0,
      'translation_key': 'filtration2_stop',
      'unique_id': '1234567890_filtration2_stop',
      'unit_of_measurement': None,
    }),
    EntityRegistryEntrySnapshot({
      'aliases': list([
        None,
      ]),
      'area_id': None,
      'capabilities': None,
      'config_entry_id': <ANY>,
      'config_subentry_id': <ANY>,
      'device_class': None,
      'device_id': <ANY>,
      'disabled_by': None,
      'domain': 'time',
      'entity_category': <EntityCategory.CONFIG: 'config'>,
      'entity_id': 'time.pool_timer_3_filtration_start',
      'has_entity_name': True,
      'hidden_by': None,
      'icon': None,
      'id': <ANY>,
      'labels': set({
      }),
      'name': None,
      'object_id_base': 'Timer 3 - Filtration Start',
      'options': dict({
      }),
      'original_device_class': None,
      'original_icon': None,
      'original_name': 'Timer 3 - Filtration Start',
      'platform': 'neopool',
      'previous_unique_id': None,
      'suggested_object_id': None,
      'supported_features': 0,
      'translation_key': 'filtration3_start',
      'unique_id': '1234567890_filtration3_start',
      'unit_of_measurement': None,
    }),
    EntityRegistryEntrySnapshot({
      'aliases': list([
        None,
      ]),
      'area_id': None,
      'capabilities': None,
      'config_entry_id': <ANY>,
      'config_subentry_id': <ANY>,
      'device_class': None,
      'device_id': <ANY>,
      'disabled_by': None,
      'domain': 'time',
      'entity_category': <EntityCategory.CONFIG: 'config'>,
      'entity_id': 'time.pool_timer_3_filtration_stop',
      'has_entity_name': True,
      'hidden_by': None,
      'icon': None,
      'id': <ANY>,
      'labels': set({
      }),
      'name': None,
      'object_id_base': 'Timer 3 - Filtration Stop',
      'options': dict({
      }),
      'original_device_class': None,
      'original_icon': None,
      'original_name': 'Timer 3 - Filtration Stop',
      'platform': 'neopool',
      'previous_unique_id': None,
      'suggested_object_id': None,
      'supported_features': 0,
      'translation_key': 'filtration3_stop',
      'unique_id': '1234567890_filtration3_stop',
      'unit_of_measurement': None,
    }),
    EntityRegistryEntrySnapshot({
      'aliases': list([
        None,
      ]),
      'area_id': None,
      'capabilities': None,
      'config_entry_id': <ANY>,
      'config_subentry_id': <ANY>,
      'device_class': None,
      'device_id': <ANY>,
      'disabled_by': None,
      'domain': 'time',
      'entity_category': <EntityCategory.CONFIG: 'config'>,
      'entity_id': 'time.pool_timer_aux1_1_start',
      'has_entity_name': True,
      'hidden_by': None,
      'icon': None,
      'id': <ANY>,
      'labels': set({
      }),
      'name': None,
      'object_id_base': 'Timer Aux1 (1) - Start',
      'options': dict({
      }),
      'original_device_class': None,
      'original_icon': None,
      'original_name': 'Timer Aux1 (1) - Start',
      'platform': 'neopool',
      'previous_unique_id': None,
      'suggested_object_id': None,
      'supported_features': 0,
      'translation_key': 'relay_aux1_start',
      'unique_id': '1234567890_relay_aux1_start',
      'unit_of_measurement': None,
    }),
    EntityRegistryEntrySnapshot({
      'aliases': list([
        None,
      ]),
      'area_id': None,
      'capabilities': None,
      'config_entry_id': <ANY>,
      'config_subentry_id': <ANY>,
      'device_class': None,
      'device_id': <ANY>,
      'disabled_by': None,
      'domain': 'time',
      'entity_category': <EntityCategory.CONFIG: 'config'>,
      'entity_id': 'time.pool_timer_aux1_1_stop',
      'has_entity_name': True,
      'hidden_by': None,
      'icon': None,
      'id': <ANY>,
      'labels': set({
      }),
      'name': None,
      'object_id_base': 'Timer Aux1 (1) - Stop',
      'options': dict({
      }),
      'original_device_class': None,
      'original_icon': None,
      'original_name': 'Timer Aux1 (1) - Stop',
      'platform': 'neopool',
      'previous_unique_id': None,
      'suggested_object_id': None,
      'supported_features': 0,
      'translation_key': 'relay_aux1_stop',
      'unique_id': '1234567890_relay_aux1_stop',
      'unit_of_measurement': None,
    }),
    EntityRegistryEntrySnapshot({
      'aliases': list([
        None,
      ]),
      'area_id': None,
      'capabilities': None,
      'config_entry_id': <ANY>,
      'config_subentry_id': <ANY>,
      'device_class': None,
      'device_id': <ANY>,
      'disabled_by': <RegistryEntryDisabler.INTEGRATION: 'integration'>,
      'domain': 'time',
      'entity_category': <EntityCategory.CONFIG: 'config'>,
      'entity_id': 'time.pool_timer_aux1_2_start',
      'has_entity_name': True,
      'hidden_by': None,
      'icon': None,
      'id': <ANY>,
      'labels': set({
      }),
      'name': None,
      'object_id_base': 'Timer Aux1 (2) - Start',
      'options': dict({
      }),
      'original_device_class': None,
      'original_icon': None,
      'original_name': 'Timer Aux1 (2) - Start',
      'platform': 'neopool',
      'previous_unique_id': None,
      'suggested_object_id': None,
      'supported_features': 0,
      'translation_key': 'relay_aux1b_start',
      'unique_id': '1234567890_relay_aux1b_start',
      'unit_of_measurement': None,
    }),
    EntityRegistryEntrySnapshot({
      'aliases': list([
        None,
      ]),
      'area_id': None,
      'capabilities': None,
      'config_entry_id': <ANY>,
      'config_subentry_id': <ANY>,
      'device_class': None,
      'device_id': <ANY>,
      'disabled_by': <RegistryEntryDisabler.INTEGRATION: 'integration'>,
      'domain': 'time',
      'entity_category': <EntityCategory.CONFIG: 'config'>,
      'entity_id': 'time.pool_timer_aux1_2_stop',
      'has_entity_name': True,
      'hidden_by': None,
      'icon': None,
      'id': <ANY>,
      'labels': set({
      }),
      'name': None,
      'object_id_base': 'Timer Aux1 (2) - Stop',
      'options': dict({
      }),
      'original_device_class': None,
      'original_icon': None,
      'original_name': 'Timer Aux1 (2) - Stop',
      'platform': 'neopool',
      'previous_unique_id': None,
      'suggested_object_id': None,
      'supported_features': 0,
      'translation_key': 'relay_aux1b_stop',
      'unique_id': '1234567890_relay_aux1b_stop',
      'unit_of_measurement': None,
    }),
    EntityRegistryEntrySnapshot({
      'aliases': list([
        None,
      ]),
      'area_id': None,
      'capabilities': None,
      'config_entry_id': <ANY>,
      'config_subentry_id': <ANY>,
      'device_class': None,
      'device_id': <ANY>,
      'disabled_by': None,
      'domain': 'time',
      'entity_category': <EntityCategory.CONFIG: 'config'>,
      'entity_id': 'time.pool_timer_aux2_1_start',
      'has_entity_name': True,
      'hidden_by': None,
      'icon': None,
      'id': <ANY>,
      'labels': set({
      }),
      'name': None,
      'object_id_base': 'Timer Aux2 (1) - Start',
      'options': dict({
      }),
      'original_device_class': None,
      'original_icon': None,
      'original_name': 'Timer Aux2 (1) - Start',
      'platform': 'neopool',
      'previous_unique_id': None,
      'suggested_object_id': None,
      'supported_features': 0,
      'translation_key': 'relay_aux2_start',
      'unique_id': '1234567890_relay_aux2_start',
      'unit_of_measurement': None,
    }),
    EntityRegistryEntrySnapshot({
      'aliases': list([
        None,
      ]),
      'area_id': None,
      'capabilities': None,
      'config_entry_id': <ANY>,
      'config_subentry_id': <ANY>,
      'device_class': None,
      'device_id': <ANY>,
      'disabled_by': None,
      'domain': 'time',
      'entity_category': <EntityCategory.CONFIG: 'config'>,
      'entity_id': 'time.pool_timer_aux2_1_stop',
      'has_entity_name': True,
      'hidden_by': None,
      'icon': None,
      'id': <ANY>,
      'labels': set({
      }),
      'name': None,
      'object_id_base': 'Timer Aux2 (1) - Stop',
      'options': dict({
      }),
      'original_device_class': None,
      'original_icon': None,
      'original_name': 'Timer Aux2 (1) - Stop',
      'platform': 'neopool',
      'previous_unique_id': None,
      'suggested_object_id': None,
      'supported_features': 0,
      'translation_key': 'relay_aux2_stop',
      'unique_id': '1234567890_relay_aux2_stop',
      'unit_of_measurement': None,
    }),
    EntityRegistryEntrySnapshot({
      'aliases': list([
        None,
      ]),
      'area_id': None,
      'capabilities': None,
      'config_entry_id': <ANY>,
      'config_subentry_id': <ANY>,
      'device_class': None,
      'device_id': <ANY>,
      'disabled_by': <RegistryEntryDisabler.INTEGRATION: 'integration'>,
      'domain': 'time',
      'entity_category': <EntityCategory.CONFIG: 'config'>,
      'entity_id': 'time.pool_timer_aux2_2_start',
      'has_entity_name': True,
      'hidden_by': None,
      'icon': None,
      'id': <ANY>,
      'labels': set({
      }),
      'name': None,
      'object_id_base': 'Timer Aux2 (2) - Start',
      'options': dict({
      }),
      'original_device_class': None,
      'original_icon': None,
      'original_name': 'Timer Aux2 (2) - Start',
      'platform': 'neopool',
      'previous_unique_id': None,
      'suggested_object_id': None,
      'supported_features': 0,
      'translation_key': 'relay_aux2b_start',
      'unique_id': '1234567890_relay_aux2b_start',
      'unit_of_measurement': None,
    }),
    EntityRegistryEntrySnapshot({
      'aliases': list([
        None,
      ]),
      'area_id': None,
      'capabilities': None,
      'config_entry_id': <ANY>,
      'config_subentry_id': <ANY>,
      'device_class': None,
      'device_id': <ANY>,
      'disabled_by': <RegistryEntryDisabler.INTEGRATION: 'integration'>,
      'domain': 'time',
      'entity_category': <EntityCategory.CONFIG: 'config'>,
      'entity_id': 'time.pool_timer_aux2_2_stop',
      'has_entity_name': True,
      'hidden_by': None,
      'icon': None,
      'id': <ANY>,
      'labels': set({
      }),
      'name': None,
      'object_id_base': 'Timer Aux2 (2) - Stop',
      'options': dict({
      }),
      'original_device_class': None,
      'original_icon': None,
      'original_name': 'Timer Aux2 (2) - Stop',
      'platform': 'neopool',
      'previous_unique_id': None,
      'suggested_object_id': None,
      'supported_features': 0,
      'translation_key': 'relay_aux2b_stop',
      'unique_id': '1234567890_relay_aux2b_stop',
      'unit_of_measurement': None,
    }),
    EntityRegistryEntrySnapshot({
      'aliases': list([
        None,
      ]),
      'area_id': None,
      'capabilities': None,
      'config_entry_id': <ANY>,
      'config_subentry_id': <ANY>,
      'device_class': None,
      'device_id': <ANY>,
      'disabled_by': None,
      'domain': 'time',
      'entity_category': <EntityCategory.CONFIG: 'config'>,
      'entity_id': 'time.pool_timer_aux3_1_start',
      'has_entity_name': True,
      'hidden_by': None,
      'icon': None,
      'id': <ANY>,
      'labels': set({
      }),
      'name': None,
      'object_id_base': 'Timer Aux3 (1) - Start',
      'options': dict({
      }),
      'original_device_class': None,
      'original_icon': None,
      'original_name': 'Timer Aux3 (1) - Start',
      'platform': 'neopool',
      'previous_unique_id': None,
      'suggested_object_id': None,
      'supported_features': 0,
      'translation_key': 'relay_aux3_start',
      'unique_id': '1234567890_relay_aux3_start',
      'unit_of_measurement': None,
    }),
    EntityRegistryEntrySnapshot({
      'aliases': list([
        None,
      ]),
      'area_id': None,
      'capabilities': None,
      'config_entry_id': <ANY>,
      'config_subentry_id': <ANY>,
      'device_class': None,
      'device_id': <ANY>,
      'disabled_by': None,
      'domain': 'time',
      'entity_category': <EntityCategory.CONFIG: 'config'>,
      'entity_id': 'time.pool_timer_aux3_1_stop',
      'has_entity_name': True,
      'hidden_by': None,
      'icon': None,
      'id': <ANY>,
      'labels': set({
      }),
      'name': None,
      'object_id_base': 'Timer Aux3 (1) - Stop',
      'options': dict({
      }),
      'original_device_class': None,
      'original_icon': None,
      'original_name': 'Timer Aux3 (1) - Stop',
      'platform': 'neopool',
      'previous_unique_id': None,
      'suggested_object_id': None,
      'supported_features': 0,
      'translation_key': 'relay_aux3_stop',
      'unique_id': '1234567890_relay_aux3_stop',
      'unit_of_measurement': None,
    }),
    EntityRegistryEntrySnapshot({
      'aliases': list([
        None,
      ]),
      'area_id': None,
      'capabilities': None,
      'config_entry_id': <ANY>,
      'config_subentry_id': <ANY>,
      'device_class': None,
      'device_id': <ANY>,
      'disabled_by': <RegistryEntryDisabler.INTEGRATION: 'integration'>,
      'domain': 'time',
      'entity_category': <EntityCategory.CONFIG: 'config'>,
      'entity_id': 'time.pool_timer_aux3_2_start',
      'has_entity_name': True,
      'hidden_by': None,
      'icon': None,
      'id': <ANY>,
      'labels': set({
      }),
      'name': None,
      'object_id_base': 'Timer Aux3 (2) - Start',
      'options': dict({
      }),
      'original_device_class': None,
      'original_icon': None,
      'original_name': 'Timer Aux3 (2) - Start',
      'platform': 'neopool',
      'previous_unique_id': None,
      'suggested_object_id': None,
      'supported_features': 0,
      'translation_key': 'relay_aux3b_start',
      'unique_id': '1234567890_relay_aux3b_start',
      'unit_of_measurement': None,
    }),
    EntityRegistryEntrySnapshot({
      'aliases': list([
        None,
      ]),
      'area_id': None,
      'capabilities': None,
      'config_entry_id': <ANY>,
      'config_subentry_id': <ANY>,
      'device_class': None,
      'device_id': <ANY>,
      'disabled_by': <RegistryEntryDisabler.INTEGRATION: 'integration'>,
      'domain': 'time',
      'entity_category': <EntityCategory.CONFIG: 'config'>,
      'entity_id': 'time.pool_timer_aux3_2_stop',
      'has_entity_name': True,
      'hidden_by': None,
      'icon': None,
      'id': <ANY>,
      'labels': set({
      }),
      'name': None,
      'object_id_base': 'Timer Aux3 (2) - Stop',
      'options': dict({
      }),
      'original_device_class': None,
      'original_icon': None,
      'original_name': 'Timer Aux3 (2) - Stop',
      'platform': 'neopool',
      'previous_unique_id': None,
      'suggested_object_id': None,
      'supported_features': 0,
      'translation_key': 'relay_aux3b_stop',
      'unique_id': '1234567890_relay_aux3b_stop',
      'unit_of_measurement': None,
    }),
    EntityRegistryEntrySnapshot({
      'aliases': list([
        None,
      ]),
      'area_id': None,
      'capabilities': None,
      'config_entry_id': <ANY>,
      'config_subentry_id': <ANY>,
      'device_class': None,
      'device_id': <ANY>,
      'disabled_by': None,
      'domain': 'time',
      'entity_category': <EntityCategory.CONFIG: 'config'>,
      'entity_id': 'time.pool_timer_aux4_1_start',
      'has_entity_name': True,
      'hidden_by': None,
      'icon': None,
      'id': <ANY>,
      'labels': set({
      }),
      'name': None,
      'object_id_base': 'Timer Aux4 (1) - Start',
      'options': dict({
      }),
      'original_device_class': None,
      'original_icon': None,
      'original_name': 'Timer Aux4 (1) - Start',
      'platform': 'neopool',
      'previous_unique_id': None,
      'suggested_object_id': None,
      'supported_features': 0,
      'translation_key': 'relay_aux4_start',
      'unique_id': '1234567890_relay_aux4_start',
      'unit_of_measurement': None,
    }),
    EntityRegistryEntrySnapshot({
      'aliases': list([
        None,
      ]),
      'area_id': None,
      'capabilities': None,
      'config_entry_id': <ANY>,
      'config_subentry_id': <ANY>,
      'device_class': None,
      'device_id': <ANY>,
      'disabled_by': None,
      'domain': 'time',
      'entity_category': <EntityCategory.CONFIG: 'config'>,
      'entity_id': 'time.pool_timer_aux4_1_stop',
      'has_entity_name': True,
      'hidden_by': None,
      'icon': None,
      'id': <ANY>,
      'labels': set({
      }),
      'name': None,
      'object_id_base': 'Timer Aux4 (1) - Stop',
      'options': dict({
      }),
      'original_device_class': None,
      'original_icon': None,
      'original_name': 'Timer Aux4 (1) - Stop',
      'platform': 'neopool',
      'previous_unique_id': None,
      'suggested_object_id': None,
      'supported_features': 0,
      'translation_key': 'relay_aux4_stop',
      'unique_id': '1234567890_relay_aux4_stop',
      'unit_of_measurement': None,
    }),
    EntityRegistryEntrySnapshot({
      'aliases': list([
        None,
      ]),
      'area_id': None,
      'capabilities': None,
      'config_entry_id': <ANY>,
      'config_subentry_id': <ANY>,
      'device_class': None,
      'device_id': <ANY>,
      'disabled_by': <RegistryEntryDisabler.INTEGRATION: 'integration'>,
      'domain': 'time',
      'entity_category': <EntityCategory.CONFIG: 'config'>,
      'entity_id': 'time.pool_timer_aux4_2_start',
      'has_entity_name': True,
      'hidden_by': None,
      'icon': None,
      'id': <ANY>,
      'labels': set({
      }),
      'name': None,
      'object_id_base': 'Timer Aux4 (2) - Start',
      'options': dict({
      }),
      'original_device_class': None,
      'original_icon': None,
      'original_name': 'Timer Aux4 (2) - Start',
      'platform': 'neopool',
      'previous_unique_id': None,
      'suggested_object_id': None,
      'supported_features': 0,
      'translation_key': 'relay_aux4b_start',
      'unique_id': '1234567890_relay_aux4b_start',
      'unit_of_measurement': None,
    }),
    EntityRegistryEntrySnapshot({
      'aliases': list([
        None,
      ]),
      'area_id': None,
      'capabilities': None,
      'config_entry_id': <ANY>,
      'config_subentry_id': <ANY>,
      'device_class': None,
      'device_id': <ANY>,
      'disabled_by': <RegistryEntryDisabler.INTEGRATION: 'integration'>,
      'domain': 'time',
      'entity_category': <EntityCategory.CONFIG: 'config'>,
      'entity_id': 'time.pool_timer_aux4_2_stop',
      'has_entity_name': True,
      'hidden_by': None,
      'icon': None,
      'id': <ANY>,
      'labels': set({
      }),
      'name': None,
      'object_id_base': 'Timer Aux4 (2) - Stop',
      'options': dict({
      }),
      'original_device_class': None,
      'original_icon': None,
      'original_name': 'Timer Aux4 (2) - Stop',
      'platform': 'neopool',
      'previous_unique_id': None,
      'suggested_object_id': None,
      'supported_features': 0,
      'translation_key': 'relay_aux4b_stop',
      'unique_id': '1234567890_relay_aux4b_stop',
      'unit_of_measurement': None,
    }),
  ])
# ---
